#1 [internal] load local bake definitions
#1 reading from stdin 800B done
#1 DONE 0.0s

#2 [internal] load build definition from Dockerfile
#2 transferring dockerfile: 1.13kB done
#2 DONE 0.0s

#3 [internal] load metadata for docker.io/library/python:3.12-slim
#3 DONE 0.6s

#4 [internal] load .dockerignore
#4 transferring context: 2B done
#4 DONE 0.0s

#5 [internal] load build context
#5 transferring context: 4.44kB done
#5 DONE 0.0s

#6 [1/5] FROM docker.io/library/python:3.12-slim@sha256:090ba77e2958f6af52a5341f788b50b032dd4ca28377d2893dcf1ecbdfdfe203
#6 resolve docker.io/library/python:3.12-slim@sha256:090ba77e2958f6af52a5341f788b50b032dd4ca28377d2893dcf1ecbdfdfe203 0.0s done
#6 DONE 0.0s

#7 [2/5] RUN apt-get update     && apt-get install -y --no-install-recommends ffmpeg git libsndfile1     && rm -rf /var/lib/apt/lists/*
#7 CACHED

#8 [3/5] RUN python -m pip install --upgrade pip setuptools wheel     && sh -lc "pip install --index-url https://download.pytorch.org/whl/cu128 torch==2.8.0+cu128 torchaudio==2.8.0+cu128"     && pip install fastapi==0.136.3 uvicorn==0.48.0 python-multipart==0.0.29 soundfile     && git clone --filter=blob:none "https://github.com/k2-fsa/OmniVoice.git" /tmp/omnivoice-src     && cd /tmp/omnivoice-src     && git fetch --depth 1 origin "refs/pull/71/head"     && git checkout FETCH_HEAD     && pip install /tmp/omnivoice-src     && rm -rf /tmp/omnivoice-src
#8 1.132 Requirement already satisfied: pip in /usr/local/lib/python3.12/site-packages (25.0.1)
#8 1.364 Collecting pip
#8 1.576   Downloading pip-26.1.2-py3-none-any.whl.metadata (4.6 kB)
#8 1.725 Collecting setuptools
#8 1.787   Downloading setuptools-82.0.1-py3-none-any.whl.metadata (6.5 kB)
#8 1.845 Collecting wheel
#8 1.907   Downloading wheel-0.47.0-py3-none-any.whl.metadata (2.3 kB)
#8 1.958 Collecting packaging>=24.0 (from wheel)
#8 2.010   Downloading packaging-26.2-py3-none-any.whl.metadata (3.5 kB)
#8 2.075 Downloading pip-26.1.2-py3-none-any.whl (1.8 MB)
#8 2.472    ÔöüÔöüÔöüÔöüÔöüÔöüÔöüÔöüÔöüÔöüÔöüÔöüÔöüÔöüÔöüÔöüÔöüÔöüÔöüÔöüÔöüÔöüÔöüÔöüÔöüÔöüÔöüÔöüÔöüÔöüÔöüÔöüÔöüÔöüÔöüÔöüÔöüÔöüÔöüÔöü 1.8/1.8 MB 7.0 MB/s eta 0:00:00
#8 2.530 Downloading setuptools-82.0.1-py3-none-any.whl (1.0 MB)
#8 2.631    ÔöüÔöüÔöüÔöüÔöüÔöüÔöüÔöüÔöüÔöüÔöüÔöüÔöüÔöüÔöüÔöüÔöüÔöüÔöüÔöüÔöüÔöüÔöüÔöüÔöüÔöüÔöüÔöüÔöüÔöüÔöüÔöüÔöüÔöüÔöüÔöüÔöüÔöüÔöüÔöü 1.0/1.0 MB 9.6 MB/s eta 0:00:00
#8 2.691 Downloading wheel-0.47.0-py3-none-any.whl (32 kB)
#8 2.747 Downloading packaging-26.2-py3-none-any.whl (100 kB)
#8 2.772 Installing collected packages: setuptools, pip, packaging, wheel
#8 3.202   Attempting uninstall: pip
#8 3.203     Found existing installation: pip 25.0.1
#8 3.231     Uninstalling pip-25.0.1:
#8 3.413       Successfully uninstalled pip-25.0.1
#8 4.145 Successfully installed packaging-26.2 pip-26.1.2 setuptools-82.0.1 wheel-0.47.0
#8 4.146 WARNING: Running pip as the 'root' user can result in broken permissions and conflicting behaviour with the system package manager, possibly rendering your system unusable. It is recommended to use a virtual environment instead: https://pip.pypa.io/warnings/venv. Use the --root-user-action option if you know what you are doing and want to suppress this warning.
#8 5.081 Looking in indexes: https://download.pytorch.org/whl/cu128
#8 5.743 Collecting torch==2.8.0+cu128
#8 5.973   Downloading torch-2.8.0%2Bcu128-cp312-cp312-manylinux_2_28_x86_64.whl.metadata (30 kB)
#8 6.654 Collecting torchaudio==2.8.0+cu128
#8 6.681   Downloading torchaudio-2.8.0%2Bcu128-cp312-cp312-manylinux_2_28_x86_64.whl.metadata (7.2 kB)
#8 7.194 Collecting filelock (from torch==2.8.0+cu128)
#8 7.310   Downloading filelock-3.29.0-py3-none-any.whl.metadata (2.0 kB)
#8 7.732 Collecting typing-extensions>=4.10.0 (from torch==2.8.0+cu128)
#8 7.773   Downloading typing_extensions-4.15.0-py3-none-any.whl.metadata (3.3 kB)
#8 7.775 Requirement already satisfied: setuptools in ./usr/local/lib/python3.12/site-packages (from torch==2.8.0+cu128) (82.0.1)
#8 8.321 Collecting sympy>=1.13.3 (from torch==2.8.0+cu128)
#8 8.368   Downloading sympy-1.14.0-py3-none-any.whl.metadata (12 kB)
#8 9.015 Collecting networkx (from torch==2.8.0+cu128)
#8 9.053   Downloading networkx-3.6.1-py3-none-any.whl.metadata (6.8 kB)
#8 9.458 Collecting jinja2 (from torch==2.8.0+cu128)
#8 9.482   Downloading jinja2-3.1.6-py3-none-any.whl.metadata (2.9 kB)
#8 9.777 Collecting fsspec (from torch==2.8.0+cu128)
#8 9.817   Downloading fsspec-2026.4.0-py3-none-any.whl.metadata (10 kB)
#8 10.22 Collecting nvidia-cuda-nvrtc-cu12==12.8.93 (from torch==2.8.0+cu128)
#8 11.92   Downloading nvidia_cuda_nvrtc_cu12-12.8.93-py3-none-manylinux2010_x86_64.manylinux_2_12_x86_64.whl (88.0 MB)
#8 34.78      ÔöüÔöüÔöüÔöüÔöüÔöüÔöüÔöüÔöüÔöüÔöüÔöüÔöüÔöüÔöüÔöüÔöüÔöüÔöüÔöüÔöüÔöüÔöüÔöüÔöüÔöüÔöüÔöüÔöüÔöüÔöüÔöüÔöüÔöüÔöüÔöüÔöüÔöüÔöüÔöü 88.0/88.0 MB 3.5 MB/s  0:00:25
#8 35.23 Collecting nvidia-cuda-runtime-cu12==12.8.90 (from torch==2.8.0+cu128)
#8 36.24   Downloading nvidia_cuda_runtime_cu12-12.8.90-py3-none-manylinux2014_x86_64.manylinux_2_17_x86_64.whl (954 kB)
#8 36.59      ÔöüÔöüÔöüÔöüÔöüÔöüÔöüÔöüÔöüÔöüÔöüÔöüÔöüÔöüÔöüÔöüÔöüÔöüÔöüÔöüÔöüÔöüÔöüÔöüÔöüÔöüÔöüÔöüÔöüÔöüÔöüÔöüÔöüÔöüÔöüÔöüÔöüÔöüÔöüÔöü 954.8/954.8 kB 2.2 MB/s  0:00:00
#8 36.97 Collecting nvidia-cuda-cupti-cu12==12.8.90 (from torch==2.8.0+cu128)
#8 37.89   Downloading nvidia_cuda_cupti_cu12-12.8.90-py3-none-manylinux2014_x86_64.manylinux_2_17_x86_64.whl (10.2 MB)
#8 39.73      ÔöüÔöüÔöüÔöüÔöüÔöüÔöüÔöüÔöüÔöüÔöüÔöüÔöüÔöüÔöüÔöüÔöüÔöüÔöüÔöüÔöüÔöüÔöüÔöüÔöüÔöüÔöüÔöüÔöüÔöüÔöüÔöüÔöüÔöüÔöüÔöüÔöüÔöüÔöüÔöü 10.2/10.2 MB 5.5 MB/s  0:00:01
#8 40.24 Collecting nvidia-cudnn-cu12==9.10.2.21 (from torch==2.8.0+cu128)
#8 40.92   Downloading nvidia_cudnn_cu12-9.10.2.21-py3-none-manylinux_2_27_x86_64.whl (706.8 MB)
#8 127.5      ÔöüÔöüÔöüÔöüÔöüÔöüÔöüÔöüÔöüÔöüÔöüÔöüÔöüÔöüÔöüÔöüÔöüÔöüÔöüÔöüÔöüÔöüÔöüÔöüÔöüÔöüÔöüÔöüÔöüÔöüÔöüÔöüÔöüÔöüÔöüÔöüÔöüÔöüÔöüÔöü 706.8/706.8 MB 12.8 MB/s  0:01:36
#8 128.3 Collecting nvidia-cublas-cu12==12.8.4.1 (from torch==2.8.0+cu128)
#8 128.4   Downloading nvidia_cublas_cu12-12.8.4.1-py3-none-manylinux_2_27_x86_64.whl (594.3 MB)
#8 173.2      ÔöüÔöüÔöüÔöüÔöüÔöüÔöüÔöüÔöüÔöüÔöüÔöüÔöüÔöüÔöüÔöüÔöüÔöüÔöüÔöüÔöüÔöüÔöüÔöüÔöüÔöüÔöüÔöüÔöüÔöüÔöüÔöüÔöüÔöüÔöüÔöüÔöüÔöüÔöüÔöü 594.3/594.3 MB 12.6 MB/s  0:00:47
#8 173.9 Collecting nvidia-cufft-cu12==11.3.3.83 (from torch==2.8.0+cu128)
#8 173.9   Downloading nvidia_cufft_cu12-11.3.3.83-py3-none-manylinux2014_x86_64.manylinux_2_17_x86_64.whl (193.1 MB)
#8 186.8      ÔöüÔöüÔöüÔöüÔöüÔöüÔöüÔöüÔöüÔöüÔöüÔöüÔöüÔöüÔöüÔöüÔöüÔöüÔöüÔöüÔöüÔöüÔöüÔöüÔöüÔöüÔöüÔöüÔöüÔöüÔöüÔöüÔöüÔöüÔöüÔöüÔöüÔöüÔöüÔöü 193.1/193.1 MB 12.7 MB/s  0:00:15
#8 187.3 Collecting nvidia-curand-cu12==10.3.9.90 (from torch==2.8.0+cu128)
#8 187.3   Downloading nvidia_curand_cu12-10.3.9.90-py3-none-manylinux_2_27_x86_64.whl (63.6 MB)
#8 192.3      ÔöüÔöüÔöüÔöüÔöüÔöüÔöüÔöüÔöüÔöüÔöüÔöüÔöüÔöüÔöüÔöüÔöüÔöüÔöüÔöüÔöüÔöüÔöüÔöüÔöüÔöüÔöüÔöüÔöüÔöüÔöüÔöüÔöüÔöüÔöüÔöüÔöüÔöüÔöüÔöü 63.6/63.6 MB 12.7 MB/s  0:00:05
#8 192.8 Collecting nvidia-cusolver-cu12==11.7.3.90 (from torch==2.8.0+cu128)
#8 192.8   Downloading nvidia_cusolver_cu12-11.7.3.90-py3-none-manylinux_2_27_x86_64.whl (267.5 MB)
#8 211.7      ÔöüÔöüÔöüÔöüÔöüÔöüÔöüÔöüÔöüÔöüÔöüÔöüÔöüÔöüÔöüÔöüÔöüÔöüÔöüÔöüÔöüÔöüÔöüÔöüÔöüÔöüÔöüÔöüÔöüÔöüÔöüÔöüÔöüÔöüÔöüÔöüÔöüÔöüÔöüÔöü 267.5/267.5 MB 12.6 MB/s  0:00:21
#8 212.2 Collecting nvidia-cusparse-cu12==12.5.8.93 (from torch==2.8.0+cu128)
#8 212.3   Downloading nvidia_cusparse_cu12-12.5.8.93-py3-none-manylinux2014_x86_64.manylinux_2_17_x86_64.whl (288.2 MB)
#8 232.7      ÔöüÔöüÔöüÔöüÔöüÔöüÔöüÔöüÔöüÔöüÔöüÔöüÔöüÔöüÔöüÔöüÔöüÔöüÔöüÔöüÔöüÔöüÔöüÔöüÔöüÔöüÔöüÔöüÔöüÔöüÔöüÔöüÔöüÔöüÔöüÔöüÔöüÔöüÔöüÔöü 288.2/288.2 MB 12.6 MB/s  0:00:22
#8 233.2 Collecting nvidia-cusparselt-cu12==0.7.1 (from torch==2.8.0+cu128)
#8 233.3   Downloading nvidia_cusparselt_cu12-0.7.1-py3-none-manylinux2014_x86_64.whl (287.2 MB)
